
*** Running vivado
    with args -log wr_rd_fsm.vds -m64 -product Vivado -mode batch -messageDb vivado.pb -notrace -source wr_rd_fsm.tcl


ECHO is off.
ECHO is off.

****** Vivado v2023.1 (64-bit)
  **** SW Build 3865809 on Sun May  7 15:05:29 MDT 2023
  **** IP Build 3864474 on Sun May  7 20:36:21 MDT 2023
  **** SharedData Build 3865790 on Sun May 07 13:33:03 MDT 2023
    ** Copyright 1986-2022 Xilinx, Inc. All Rights Reserved.
    ** Copyright 2022-2023 Advanced Micro Devices, Inc. All Rights Reserved.

source wr_rd_fsm.tcl -notrace
create_project: Time (s): cpu = 00:00:06 ; elapsed = 00:00:06 . Memory (MB): peak = 484.680 ; gain = 196.367
Command: read_checkpoint -auto_incremental -incremental C:/Users/asus/Downloads/Verilog/SRAMcore/SRAMcore.srcs/utils_1/imports/synth_1/wr_rd_fsm.dcp
INFO: [Vivado 12-5825] Read reference checkpoint from C:/Users/asus/Downloads/Verilog/SRAMcore/SRAMcore.srcs/utils_1/imports/synth_1/wr_rd_fsm.dcp for incremental synthesis
INFO: [Vivado 12-7989] Please ensure there are no constraint changes
Command: synth_design -top wr_rd_fsm -part xc7a35tcpg236-1
Starting synth_design
Attempting to get a license for feature 'Synthesis' and/or device 'xc7a35t'
INFO: [Common 17-349] Got license for feature 'Synthesis' and/or device 'xc7a35t'
INFO: [Device 21-403] Loading part xc7a35tcpg236-1
INFO: [Designutils 20-5440] No compile time benefit to using incremental synthesis; A full resynthesis will be run
INFO: [Designutils 20-4379] Flow is switching to default flow due to incremental criteria not met. If you would like to alter this behaviour and have the flow terminate instead, please set the following parameter config_implementation {autoIncr.Synth.RejectBehavior Terminate}
INFO: [Synth 8-7079] Multithreading enabled for synth_design using a maximum of 2 processes.
INFO: [Synth 8-7078] Launching helper process for spawning children vivado processes
INFO: [Synth 8-7075] Helper process launched with PID 26024
---------------------------------------------------------------------------------
Starting RTL Elaboration : Time (s): cpu = 00:00:03 ; elapsed = 00:00:03 . Memory (MB): peak = 1300.207 ; gain = 411.531
---------------------------------------------------------------------------------
INFO: [Synth 8-6157] synthesizing module 'wr_rd_fsm' [C:/Users/asus/Downloads/Verilog/SRAMcore/SRAMcore.srcs/sources_1/new/wr_rd_fsm.v:23]
INFO: [Synth 8-226] default block is never used [C:/Users/asus/Downloads/Verilog/SRAMcore/SRAMcore.srcs/sources_1/new/wr_rd_fsm.v:54]
INFO: [Synth 8-226] default block is never used [C:/Users/asus/Downloads/Verilog/SRAMcore/SRAMcore.srcs/sources_1/new/wr_rd_fsm.v:84]
INFO: [Synth 8-6155] done synthesizing module 'wr_rd_fsm' (0#1) [C:/Users/asus/Downloads/Verilog/SRAMcore/SRAMcore.srcs/sources_1/new/wr_rd_fsm.v:23]
WARNING: [Synth 8-6014] Unused sequential element rdata_reg was removed.  [C:/Users/asus/Downloads/Verilog/SRAMcore/SRAMcore.srcs/sources_1/new/wr_rd_fsm.v:40]
WARNING: [Synth 8-7129] Port addr[7] in module wr_rd_fsm is either unconnected or has no load
WARNING: [Synth 8-7129] Port addr[6] in module wr_rd_fsm is either unconnected or has no load
WARNING: [Synth 8-7129] Port addr[5] in module wr_rd_fsm is either unconnected or has no load
WARNING: [Synth 8-7129] Port addr[4] in module wr_rd_fsm is either unconnected or has no load
WARNING: [Synth 8-7129] Port addr[3] in module wr_rd_fsm is either unconnected or has no load
WARNING: [Synth 8-7129] Port addr[2] in module wr_rd_fsm is either unconnected or has no load
WARNING: [Synth 8-7129] Port addr[1] in module wr_rd_fsm is either unconnected or has no load
WARNING: [Synth 8-7129] Port addr[0] in module wr_rd_fsm is either unconnected or has no load
---------------------------------------------------------------------------------
Finished RTL Elaboration : Time (s): cpu = 00:00:04 ; elapsed = 00:00:04 . Memory (MB): peak = 1389.441 ; gain = 500.766
---------------------------------------------------------------------------------
---------------------------------------------------------------------------------
Start Handling Custom Attributes
---------------------------------------------------------------------------------
---------------------------------------------------------------------------------
Finished Handling Custom Attributes : Time (s): cpu = 00:00:04 ; elapsed = 00:00:04 . Memory (MB): peak = 1389.441 ; gain = 500.766
---------------------------------------------------------------------------------
---------------------------------------------------------------------------------
Finished RTL Optimization Phase 1 : Time (s): cpu = 00:00:04 ; elapsed = 00:00:04 . Memory (MB): peak = 1389.441 ; gain = 500.766
---------------------------------------------------------------------------------
Netlist sorting complete. Time (s): cpu = 00:00:00 ; elapsed = 00:00:00 . Memory (MB): peak = 1389.441 ; gain = 0.000
INFO: [Project 1-570] Preparing netlist for logic optimization

Processing XDC Constraints
Initializing timing engine
Parsing XDC File [C:/Users/asus/Downloads/Verilog/SRAMcore/SRAMcore.srcs/constrs_1/new/sram_controller.xdc]
Finished Parsing XDC File [C:/Users/asus/Downloads/Verilog/SRAMcore/SRAMcore.srcs/constrs_1/new/sram_controller.xdc]
Completed Processing XDC Constraints

Netlist sorting complete. Time (s): cpu = 00:00:00 ; elapsed = 00:00:00 . Memory (MB): peak = 1390.383 ; gain = 0.000
INFO: [Project 1-111] Unisim Transformation Summary:
No Unisim elements were transformed.

Constraint Validation Runtime : Time (s): cpu = 00:00:00 ; elapsed = 00:00:00.003 . Memory (MB): peak = 1390.383 ; gain = 0.000
INFO: [Designutils 20-5440] No compile time benefit to using incremental synthesis; A full resynthesis will be run
INFO: [Designutils 20-4379] Flow is switching to default flow due to incremental criteria not met. If you would like to alter this behaviour and have the flow terminate instead, please set the following parameter config_implementation {autoIncr.Synth.RejectBehavior Terminate}
---------------------------------------------------------------------------------
Finished Constraint Validation : Time (s): cpu = 00:00:09 ; elapsed = 00:00:09 . Memory (MB): peak = 1390.383 ; gain = 501.707
---------------------------------------------------------------------------------
---------------------------------------------------------------------------------
Start Loading Part and Timing Information
---------------------------------------------------------------------------------
Loading part: xc7a35tcpg236-1
---------------------------------------------------------------------------------
Finished Loading Part and Timing Information : Time (s): cpu = 00:00:09 ; elapsed = 00:00:09 . Memory (MB): peak = 1390.383 ; gain = 501.707
---------------------------------------------------------------------------------
---------------------------------------------------------------------------------
Start Applying 'set_property' XDC Constraints
---------------------------------------------------------------------------------
---------------------------------------------------------------------------------
Finished applying 'set_property' XDC Constraints : Time (s): cpu = 00:00:09 ; elapsed = 00:00:09 . Memory (MB): peak = 1390.383 ; gain = 501.707
---------------------------------------------------------------------------------
INFO: [Synth 8-802] inferred FSM for state register 'state_reg' in module 'wr_rd_fsm'
---------------------------------------------------------------------------------------------------
                   State |                     New Encoding |                Previous Encoding 
---------------------------------------------------------------------------------------------------
                 iSTATE0 |                               00 |                               00
                 iSTATE2 |                               01 |                               01
                  iSTATE |                               10 |                               11
                 iSTATE1 |                               11 |                               10
---------------------------------------------------------------------------------------------------
INFO: [Synth 8-3354] encoded FSM with state register 'state_reg' using encoding 'sequential' in module 'wr_rd_fsm'
---------------------------------------------------------------------------------
Finished RTL Optimization Phase 2 : Time (s): cpu = 00:00:09 ; elapsed = 00:00:10 . Memory (MB): peak = 1390.383 ; gain = 501.707
---------------------------------------------------------------------------------
---------------------------------------------------------------------------------
Start RTL Component Statistics 
---------------------------------------------------------------------------------
Detailed RTL Component Info : 
+---Muxes : 
	   4 Input    2 Bit        Muxes := 1     
	   2 Input    2 Bit        Muxes := 2     
	   4 Input    1 Bit        Muxes := 3     
---------------------------------------------------------------------------------
Finished RTL Component Statistics 
---------------------------------------------------------------------------------
---------------------------------------------------------------------------------
Start Part Resource Summary
---------------------------------------------------------------------------------
Part Resources:
DSPs: 90 (col length:60)
BRAMs: 100 (col length: RAMB18 60 RAMB36 30)
---------------------------------------------------------------------------------
Finished Part Resource Summary
---------------------------------------------------------------------------------
---------------------------------------------------------------------------------
Start Cross Boundary and Area Optimization
---------------------------------------------------------------------------------
WARNING: [Synth 8-7080] Parallel synthesis criteria is not met
WARNING: [Synth 8-7129] Port addr[7] in module wr_rd_fsm is either unconnected or has no load
WARNING: [Synth 8-7129] Port addr[6] in module wr_rd_fsm is either unconnected or has no load
WARNING: [Synth 8-7129] Port addr[5] in module wr_rd_fsm is either unconnected or has no load
WARNING: [Synth 8-7129] Port addr[4] in module wr_rd_fsm is either unconnected or has no load
WARNING: [Synth 8-7129] Port addr[3] in module wr_rd_fsm is either unconnected or has no load
WARNING: [Synth 8-7129] Port addr[2] in module wr_rd_fsm is either unconnected or has no load
WARNING: [Synth 8-7129] Port addr[1] in module wr_rd_fsm is either unconnected or has no load
WARNING: [Synth 8-7129] Port addr[0] in module wr_rd_fsm is either unconnected or has no load
---------------------------------------------------------------------------------
Finished Cross Boundary and Area Optimization : Time (s): cpu = 00:00:10 ; elapsed = 00:00:11 . Memory (MB): peak = 1390.383 ; gain = 501.707
---------------------------------------------------------------------------------
---------------------------------------------------------------------------------
Start Applying XDC Timing Constraints
---------------------------------------------------------------------------------
---------------------------------------------------------------------------------
Finished Applying XDC Timing Constraints : Time (s): cpu = 00:00:14 ; elapsed = 00:00:15 . Memory (MB): peak = 1390.383 ; gain = 501.707
---------------------------------------------------------------------------------
---------------------------------------------------------------------------------
Start Timing Optimization
---------------------------------------------------------------------------------
---------------------------------------------------------------------------------
Finished Timing Optimization : Time (s): cpu = 00:00:14 ; elapsed = 00:00:15 . Memory (MB): peak = 1393.906 ; gain = 505.230
---------------------------------------------------------------------------------
---------------------------------------------------------------------------------
Start Technology Mapping
---------------------------------------------------------------------------------
---------------------------------------------------------------------------------
Finished Technology Mapping : Time (s): cpu = 00:00:14 ; elapsed = 00:00:15 . Memory (MB): peak = 1394.469 ; gain = 505.793
---------------------------------------------------------------------------------
---------------------------------------------------------------------------------
Start IO Insertion
---------------------------------------------------------------------------------
---------------------------------------------------------------------------------
Start Flattening Before IO Insertion
---------------------------------------------------------------------------------
---------------------------------------------------------------------------------
Finished Flattening Before IO Insertion
---------------------------------------------------------------------------------
---------------------------------------------------------------------------------
Start Final Netlist Cleanup
---------------------------------------------------------------------------------
---------------------------------------------------------------------------------
Finished Final Netlist Cleanup
---------------------------------------------------------------------------------
---------------------------------------------------------------------------------
Finished IO Insertion : Time (s): cpu = 00:00:18 ; elapsed = 00:00:18 . Memory (MB): peak = 1409.215 ; gain = 520.539
---------------------------------------------------------------------------------
---------------------------------------------------------------------------------
Start Renaming Generated Instances
---------------------------------------------------------------------------------
---------------------------------------------------------------------------------
Finished Renaming Generated Instances : Time (s): cpu = 00:00:18 ; elapsed = 00:00:18 . Memory (MB): peak = 1409.215 ; gain = 520.539
---------------------------------------------------------------------------------
---------------------------------------------------------------------------------
Start Rebuilding User Hierarchy
---------------------------------------------------------------------------------
---------------------------------------------------------------------------------
Finished Rebuilding User Hierarchy : Time (s): cpu = 00:00:18 ; elapsed = 00:00:18 . Memory (MB): peak = 1409.215 ; gain = 520.539
---------------------------------------------------------------------------------
---------------------------------------------------------------------------------
Start Renaming Generated Ports
---------------------------------------------------------------------------------
---------------------------------------------------------------------------------
Finished Renaming Generated Ports : Time (s): cpu = 00:00:18 ; elapsed = 00:00:18 . Memory (MB): peak = 1409.215 ; gain = 520.539
---------------------------------------------------------------------------------
---------------------------------------------------------------------------------
Start Handling Custom Attributes
---------------------------------------------------------------------------------
---------------------------------------------------------------------------------
Finished Handling Custom Attributes : Time (s): cpu = 00:00:18 ; elapsed = 00:00:18 . Memory (MB): peak = 1409.215 ; gain = 520.539
---------------------------------------------------------------------------------
---------------------------------------------------------------------------------
Start Renaming Generated Nets
---------------------------------------------------------------------------------
---------------------------------------------------------------------------------
Finished Renaming Generated Nets : Time (s): cpu = 00:00:18 ; elapsed = 00:00:18 . Memory (MB): peak = 1409.215 ; gain = 520.539
---------------------------------------------------------------------------------
---------------------------------------------------------------------------------
Start Writing Synthesis Report
---------------------------------------------------------------------------------

Report BlackBoxes: 
+-+--------------+----------+
| |BlackBox name |Instances |
+-+--------------+----------+
+-+--------------+----------+

Report Cell Usage: 
+------+------+------+
|      |Cell  |Count |
+------+------+------+
|1     |BUFG  |     1|
|2     |LUT1  |     1|
|3     |LUT2  |     4|
|4     |LUT3  |     1|
|5     |LUT4  |     1|
|6     |FDCE  |     2|
|7     |IBUF  |    12|
|8     |OBUF  |     3|
|9     |OBUFT |     8|
+------+------+------+
---------------------------------------------------------------------------------
Finished Writing Synthesis Report : Time (s): cpu = 00:00:18 ; elapsed = 00:00:18 . Memory (MB): peak = 1409.215 ; gain = 520.539
---------------------------------------------------------------------------------
Synthesis finished with 0 errors, 0 critical warnings and 9 warnings.
Synthesis Optimization Runtime : Time (s): cpu = 00:00:13 ; elapsed = 00:00:17 . Memory (MB): peak = 1409.215 ; gain = 519.598
Synthesis Optimization Complete : Time (s): cpu = 00:00:18 ; elapsed = 00:00:19 . Memory (MB): peak = 1409.215 ; gain = 520.539
INFO: [Project 1-571] Translating synthesized netlist
Netlist sorting complete. Time (s): cpu = 00:00:00 ; elapsed = 00:00:00.003 . Memory (MB): peak = 1421.293 ; gain = 0.000
INFO: [Project 1-570] Preparing netlist for logic optimization
INFO: [Opt 31-138] Pushed 0 inverter(s) to 0 load pin(s).
Netlist sorting complete. Time (s): cpu = 00:00:00 ; elapsed = 00:00:00 . Memory (MB): peak = 1426.930 ; gain = 0.000
INFO: [Project 1-111] Unisim Transformation Summary:
No Unisim elements were transformed.

Synth Design complete | Checksum: 3cf379e5
INFO: [Common 17-83] Releasing license: Synthesis
24 Infos, 18 Warnings, 0 Critical Warnings and 0 Errors encountered.
synth_design completed successfully
synth_design: Time (s): cpu = 00:00:21 ; elapsed = 00:00:22 . Memory (MB): peak = 1426.930 ; gain = 917.387
INFO: [Common 17-1381] The checkpoint 'C:/Users/asus/Downloads/Verilog/SRAMcore/SRAMcore.runs/synth_1/wr_rd_fsm.dcp' has been generated.
INFO: [runtcl-4] Executing : report_utilization -file wr_rd_fsm_utilization_synth.rpt -pb wr_rd_fsm_utilization_synth.pb
INFO: [Common 17-206] Exiting Vivado at Sun Aug 30 12:34:30 2026...
