Time resolution is 1 ps
TEST 1: NORMAL WRITE
TEST 2: NORMAL READ
TEST 3: CORRUPTING SRAM BIT
TEST 4: READING CORRUPTED DATA
TEST 5: REMOVING CORRUPTION
TEST 6: READING RESTORED DATA
TEST 7: WRITING DIFFERENT DATA
TEST 8: READING ADDRESS 01
ALL TESTS COMPLETED
$finish called at time : 260 ns : File "C:/Users/asus/Downloads/Verilog/SRAMcore/SRAMcore.srcs/sim_1/new/rdwrfsmsim.v" Line 191
TEST 1: NORMAL WRITE
TEST 2: NORMAL READ
TEST 3: CORRUPTING SRAM BIT
TEST 4: READING CORRUPTED DATA
TEST 5: REMOVING CORRUPTION
TEST 6: READING RESTORED DATA
TEST 7: WRITING DIFFERENT DATA
TEST 8: READING ADDRESS 01
ALL TESTS COMPLETED
$finish called at time : 260 ns : File "C:/Users/asus/Downloads/Verilog/SRAMcore/SRAMcore.srcs/sim_1/new/rdwrfsmsim.v" Line 191
TEST 1: NORMAL WRITE
TEST 2: NORMAL READ
TEST 3: CORRUPTING SRAM BIT
TEST 4: READING CORRUPTED DATA
TEST 5: REMOVING CORRUPTION
TEST 6: READING RESTORED DATA
TEST 7: WRITING DIFFERENT DATA
TEST 8: READING ADDRESS 01
ALL TESTS COMPLETED
$finish called at time : 260 ns : File "C:/Users/asus/Downloads/Verilog/SRAMcore/SRAMcore.srcs/sim_1/new/rdwrfsmsim.v" Line 191
